// Jest Snapshot v1, https://goo.gl/fbAQLP

exports[`Region_Country component renders 1`] = `
.c0 {
  font-family: 'Nunito Sans',sans-serif;
  font-size: 18px;
  -webkit-letter-spacing: 5px;
  -moz-letter-spacing: 5px;
  -ms-letter-spacing: 5px;
  letter-spacing: 5px;
  color: rgb(60,60,155);
}

@media (max-width:1050px) {
  .c0 {
    font-size: 25px;
    line-height: 3;
  }
}

<h2
  className="c0"
/>
`;

exports[`Region_CountryList component renders 1`] = `
.c0 {
  overflow: auto;
  height: 615px;
  background-color: rgba(10,10,10,.1);
  padding-left: 15px;
}

@media (max-width:1050px) {
  .c0 {
    height: 550px;
  }
}

<section
  className="c0"
/>
`;

exports[`Region_Table component renders 1`] = `
.c0 {
  width: 400px;
}

@media (max-width:1050px) {
  .c0 {
    width: 800px;
    text-align: left;
  }
}

@media (max-width:930px) {
  .c0 {
    width: 500px;
    text-align: left;
  }
}

@media (max-width:697px) {
  .c0 {
    width: 300px;
    text-align: left;
  }
}

<table
  className="c0"
/>
`;
